12:34:12 **** Build of project LED_Shift_bsp ****
make -k all 
libgen -hw ../tp_SOC_hw_platform/system.xml\
	       \
	       -pe microblaze_0 \
	       -log libgen.log \
	       system.mss
libgen
Xilinx EDK 14.7 Build EDK_P.20131013
Copyright (c) 1995-2012 Xilinx, Inc.  All rights reserved.

Command Line: libgen -hw ../tp_SOC_hw_platform/system.xml -pe microblaze_0 -log
libgen.log system.mss 


Staging source files.
Running DRCs.
Running generate.
Running post_generate.
Running include - 'make -s include "COMPILER=mb-gcc" "ARCHIVER=mb-ar"
"COMPILER_FLAGS=-mno-xl-soft-mul -mxl-pattern-compare -mcpu=v8.50.c  -O2 -c"
"EXTRA_COMPILER_FLAGS=-g -ffunction-sections -fdata-sections"'.

Running libs - 'make -s libs "COMPILER=mb-gcc" "ARCHIVER=mb-ar"
"COMPILER_FLAGS=-mno-xl-soft-mul -mxl-pattern-compare -mcpu=v8.50.c  -O2 -c"
"EXTRA_COMPILER_FLAGS=-g -ffunction-sections -fdata-sections"'.
"Compiling common"
"Compiling standalone";
"Compiling bram"
"Compiling gpio"
"Compiling cpu"
Running execs_generate.
'Finished building libraries'
12:35:23 **** Build of configuration Debug for project LED_Shift ****
make all 
'Building file: ../main_program.c'
'Invoking: MicroBlaze gcc compiler'
mb-gcc -Wall -O0 -g3 -c -fmessage-length=0 -I../../LED_Shift_bsp/microblaze_0/include -mxl-pattern-compare -mcpu=v8.50.c -mno-xl-soft-mul -Wl,--no-relax -ffunction-sections -fdata-sections -MMD -MP -MF"main_program.d" -MT"main_program.d" -o "main_program.o" "../main_program.c"
'Finished building: ../main_program.c'
' '
'Building target: LED_Shift.elf'
'Invoking: MicroBlaze gcc linker'
mb-gcc -Wl,-T -Wl,../src/lscript.ld -L../../LED_Shift_bsp/microblaze_0/lib -mxl-pattern-compare -mcpu=v8.50.c -mno-xl-soft-mul -Wl,--no-relax -Wl,--gc-sections -o "LED_Shift.elf"  ./main_program.o   -Wl,--start-group,-lxil,-lgcc,-lc,--end-group
c:/xilinx/14.7/ise_ds/edk/gnu/microblaze/nt/bin/../lib/gcc/microblaze-xilinx-elf/4.6.4/../../../../microblaze-xilinx-elf/lib/m/crtinit.o: In function `_crtinit':
/wrk/ptx/users/nagaraju/GCC_2013_03/newlib/libgloss/microblaze/crtinit.S:69: undefined reference to `main'
collect2: ld returned 1 exit status
make: *** [LED_Shift.elf] Erreur 1
12:39:33 **** Auto Build of configuration Debug for project LED_Shift ****
make all 
'Building file: ../main_program.c'
'Invoking: MicroBlaze gcc compiler'
mb-gcc -Wall -O0 -g3 -c -fmessage-length=0 -I../../LED_Shift_bsp/microblaze_0/include -mxl-pattern-compare -mcpu=v8.50.c -mno-xl-soft-mul -Wl,--no-relax -ffunction-sections -fdata-sections -MMD -MP -MF"main_program.d" -MT"main_program.d" -o "main_program.o" "../main_program.c"
../main_program.c:7:25: warning: extra tokens at end of #include directive [enabled by default]
../main_program.c:8:19: warning: extra tokens at end of #include directive [enabled by default]
../main_program.c:10:5: error: two or more data types in declaration specifiers
../main_program.c:10:10: error: expected identifier or '(' before 'void'
make: *** [main_program.o] Erreur 1
12:39:56 **** Auto Build of configuration Debug for project LED_Shift ****
make all 
'Building file: ../main_program.c'
'Invoking: MicroBlaze gcc compiler'
mb-gcc -Wall -O0 -g3 -c -fmessage-length=0 -I../../LED_Shift_bsp/microblaze_0/include -mxl-pattern-compare -mcpu=v8.50.c -mno-xl-soft-mul -Wl,--no-relax -ffunction-sections -fdata-sections -MMD -MP -MF"main_program.d" -MT"main_program.d" -o "main_program.o" "../main_program.c"
../main_program.c:7:25: warning: extra tokens at end of #include directive [enabled by default]
../main_program.c:8:19: warning: extra tokens at end of #include directive [enabled by default]
../main_program.c:10:10: error: expected '=', ',', ';', 'asm' or '__attribute__' before 'void'
make: *** [main_program.o] Erreur 1
12:40:03 **** Auto Build of configuration Debug for project LED_Shift ****
make all 
'Building file: ../main_program.c'
'Invoking: MicroBlaze gcc compiler'
mb-gcc -Wall -O0 -g3 -c -fmessage-length=0 -I../../LED_Shift_bsp/microblaze_0/include -mxl-pattern-compare -mcpu=v8.50.c -mno-xl-soft-mul -Wl,--no-relax -ffunction-sections -fdata-sections -MMD -MP -MF"main_program.d" -MT"main_program.d" -o "main_program.o" "../main_program.c"
../main_program.c:7:25: warning: extra tokens at end of #include directive [enabled by default]
../main_program.c:8:19: warning: extra tokens at end of #include directive [enabled by default]
'Finished building: ../main_program.c'
' '
'Building target: LED_Shift.elf'
'Invoking: MicroBlaze gcc linker'
mb-gcc -Wl,-T -Wl,../src/lscript.ld -L../../LED_Shift_bsp/microblaze_0/lib -mxl-pattern-compare -mcpu=v8.50.c -mno-xl-soft-mul -Wl,--no-relax -Wl,--gc-sections -o "LED_Shift.elf"  ./main_program.o   -Wl,--start-group,-lxil,-lgcc,-lc,--end-group
'Finished building target: LED_Shift.elf'
' '
'Invoking: MicroBlaze Print Size'
mb-size LED_Shift.elf  |tee "LED_Shift.elf.size"
   text	   data	    bss	    dec	    hex	filename
   1826	    268	   2090	   4184	   1058	LED_Shift.elf
'Finished building: LED_Shift.elf.size'
' '
'Invoking: Xilinx ELF Check'
elfcheck LED_Shift.elf -hw ../../tp_SOC_hw_platform/system.xml -pe microblaze_0  |tee "LED_Shift.elf.elfcheck"
elfcheck
Xilinx EDK 14.7 Build EDK_P.20131013
Copyright (c) 1995-2012 Xilinx, Inc.  All rights reserved.

Command Line: elfcheck -hw ../../tp_SOC_hw_platform/system.xml -pe microblaze_0
LED_Shift.elf 

ELF file	: LED_Shift.elf
elfcheck passed.
'Finished building: LED_Shift.elf.elfcheck'
' '
14:14:21 **** Auto Build of project LED_Shift_bsp ****
make -k all 
'Finished building libraries'
14:14:31 **** Auto Build of project LED_Shift_bsp ****
make -k all 
libgen -hw \
	       \
	       -pe  \
	       -log libgen.log \
	       system.mss
process_begin: CreateProcess(NULL, libgen -hw -pe -log libgen.log system.mss, ...) failed.
make (e=2): Le fichier spécifié est introuvable.

make: *** [/lib/libxil.a] Erreur 2
make: La cible « all » n'a pas pu être refabriquée à cause d'erreurs.
14:14:32 **** Clean-only build of configuration Debug for project LED_Shift ****
make clean 
rm -rf  ./main_program.o  ./main_program.d  LED_Shift.elf.size  LED_Shift.elf.elfcheck  LED_Shift.elf
' '
14:14:34 **** Auto Build of configuration Debug for project LED_Shift ****
make all 
'Building file: ../main_program.c'
'Invoking: MicroBlaze gcc compiler'
mb-gcc -Wall -O0 -g3 -c -fmessage-length=0 -MT"main_program.o" -I../../LED_Shift_bsp/microblaze_0/include -mxl-pattern-compare -mcpu=v8.50.c -mno-xl-soft-mul -Wl,--no-relax -ffunction-sections -fdata-sections -MMD -MP -MF"main_program.d" -MT"main_program.o" -o "main_program.o" "../main_program.c"
../main_program.c:7:25: warning: extra tokens at end of #include directive
 #include "xparameters.h";
                         ^
../main_program.c:7:10: fatal error: xparameters.h: No such file or directory
 #include "xparameters.h";
          ^~~~~~~~~~~~~~~
compilation terminated.
make: *** [main_program.o] Erreur 1
14:17:52 **** Incremental Build of configuration Debug for project LED_Shift ****
make all 
'Building file: ../main_program.c'
'Invoking: MicroBlaze gcc compiler'
mb-gcc -Wall -O0 -g3 -c -fmessage-length=0 -MT"main_program.o" -I../../LED_Shift_bsp/microblaze_0/include -mxl-pattern-compare -mcpu=v8.50.c -mno-xl-soft-mul -Wl,--no-relax -ffunction-sections -fdata-sections -MMD -MP -MF"main_program.d" -MT"main_program.o" -o "main_program.o" "../main_program.c"
../main_program.c:7:25: warning: extra tokens at end of #include directive
 #include "xparameters.h";
                         ^
../main_program.c:7:10: fatal error: xparameters.h: No such file or directory
 #include "xparameters.h";
          ^~~~~~~~~~~~~~~
compilation terminated.
make: *** [main_program.o] Erreur 1
14:20:34 **** Incremental Build of configuration Debug for project LED_Shift ****
make all 
'Building file: ../main_program.c'
'Invoking: MicroBlaze gcc compiler'
mb-gcc -Wall -O0 -g3 -c -fmessage-length=0 -MT"main_program.o" -I../../LED_Shift_bsp/microblaze_0/include -mxl-pattern-compare -mcpu=v8.50.c -mno-xl-soft-mul -Wl,--no-relax -ffunction-sections -fdata-sections -MMD -MP -MF"main_program.d" -MT"main_program.o" -o "main_program.o" "../main_program.c"
../main_program.c:7:25: warning: extra tokens at end of #include directive
 #include "xparameters.h";
                         ^
../main_program.c:7:10: fatal error: xparameters.h: No such file or directory
 #include "xparameters.h";
          ^~~~~~~~~~~~~~~
compilation terminated.
make: *** [main_program.o] Erreur 1
14:29:28 **** Build of project led_bsp ****
make -k all 
"Running Make include in microblaze_0/libsrc/bram_v4_2/src"
make -C microblaze_0/libsrc/bram_v4_2/src -s include  "SHELL=CMD" "COMPILER=mb-gcc" "ARCHIVER=mb-ar" "COMPILER_FLAGS=  -O2 -c -mcpu=v8.50.c -mno-xl-soft-mul -mxl-pattern-compare" "EXTRA_COMPILER_FLAGS=-ffunction-sections -fdata-sections -Wall -Wextra"
"Running Make include in microblaze_0/libsrc/cpu_v2_7/src"
make -C microblaze_0/libsrc/cpu_v2_7/src -s include  "SHELL=CMD" "COMPILER=mb-gcc" "ARCHIVER=mb-ar" "COMPILER_FLAGS=  -O2 -c -mcpu=v8.50.c -mno-xl-soft-mul -mxl-pattern-compare" "EXTRA_COMPILER_FLAGS=-ffunction-sections -fdata-sections -Wall -Wextra"
"Running Make include in microblaze_0/libsrc/standalone_v6_7/src"
make -C microblaze_0/libsrc/standalone_v6_7/src -s include  "SHELL=CMD" "COMPILER=mb-gcc" "ARCHIVER=mb-ar" "COMPILER_FLAGS=  -O2 -c -mcpu=v8.50.c -mno-xl-soft-mul -mxl-pattern-compare" "EXTRA_COMPILER_FLAGS=-ffunction-sections -fdata-sections -Wall -Wextra"
"Running Make libs in microblaze_0/libsrc/bram_v4_2/src"
make -C microblaze_0/libsrc/bram_v4_2/src -s libs  "SHELL=CMD" "COMPILER=mb-gcc" "ARCHIVER=mb-ar" "COMPILER_FLAGS=  -O2 -c -mcpu=v8.50.c -mno-xl-soft-mul -mxl-pattern-compare" "EXTRA_COMPILER_FLAGS=-ffunction-sections -fdata-sections -Wall -Wextra"
"Compiling bram"
mb-ar: creating ../../../lib/libxil.a
"Running Make libs in microblaze_0/libsrc/cpu_v2_7/src"
make -C microblaze_0/libsrc/cpu_v2_7/src -s libs  "SHELL=CMD" "COMPILER=mb-gcc" "ARCHIVER=mb-ar" "COMPILER_FLAGS=  -O2 -c -mcpu=v8.50.c -mno-xl-soft-mul -mxl-pattern-compare" "EXTRA_COMPILER_FLAGS=-ffunction-sections -fdata-sections -Wall -Wextra"
"Compiling cpu"
"Running Make libs in microblaze_0/libsrc/standalone_v6_7/src"
make -C microblaze_0/libsrc/standalone_v6_7/src -s libs  "SHELL=CMD" "COMPILER=mb-gcc" "ARCHIVER=mb-ar" "COMPILER_FLAGS=  -O2 -c -mcpu=v8.50.c -mno-xl-soft-mul -mxl-pattern-compare" "EXTRA_COMPILER_FLAGS=-ffunction-sections -fdata-sections -Wall -Wextra"
"Compiling standalone";
inbyte.c: In function 'inbyte':
inbyte.c:11:1: warning: control reaches end of non-void function [-Wreturn-type]
 }
 ^
microblaze_sleep.c:74:9: note: #pragma message: For the sleep routines, assembly instructions are used
 #pragma message ("For the sleep routines, assembly instructions are used")
         ^~~~~~~
outbyte.c: In function 'outbyte':
outbyte.c:11:19: warning: unused parameter 'c' [-Wunused-parameter]
 void outbyte(char c) {
                   ^
'Finished building libraries'
14:30:14 **** Build of configuration Debug for project led ****
make all 
'Building file: ../led_blink.c'
'Invoking: MicroBlaze gcc compiler'
mb-gcc -Wall -O0 -g3 -c -fmessage-length=0 -MT"led_blink.o" -I../../led_bsp/microblaze_0/include -mxl-pattern-compare -mcpu=v8.50.c -mno-xl-soft-mul -Wl,--no-relax -ffunction-sections -fdata-sections -MMD -MP -MF"led_blink.d" -MT"led_blink.o" -o "led_blink.o" "../led_blink.c"
'Finished building: ../led_blink.c'
' '
'Building target: led.elf'
'Invoking: MicroBlaze gcc linker'
mb-gcc -Wl,-T -Wl,../src/lscript.ld -L../../led_bsp/microblaze_0/lib -mxl-pattern-compare -mcpu=v8.50.c -mno-xl-soft-mul -Wl,--no-relax -Wl,--gc-sections -o "led.elf"  ./led_blink.o   -Wl,--start-group,-lxil,-lgcc,-lc,--end-group
i:/xilinx/sdk/2018.2/gnu/microblaze/nt/bin/../lib/gcc/microblaze-xilinx-elf/7.2.0/../../../../microblaze-xilinx-elf/lib/m/crtinit.o: In function `_crtinit':
(.text+0x78): undefined reference to `main'
collect2.exe: error: ld returned 1 exit status
make: *** [led.elf] Erreur 1
14:30:36 **** Incremental Build of configuration Debug for project led ****
make all 
'Building target: led.elf'
'Invoking: MicroBlaze gcc linker'
mb-gcc -Wl,-T -Wl,../src/lscript.ld -L../../led_bsp/microblaze_0/lib -mxl-pattern-compare -mcpu=v8.50.c -mno-xl-soft-mul -Wl,--no-relax -Wl,--gc-sections -o "led.elf"  ./led_blink.o   -Wl,--start-group,-lxil,-lgcc,-lc,--end-group
i:/xilinx/sdk/2018.2/gnu/microblaze/nt/bin/../lib/gcc/microblaze-xilinx-elf/7.2.0/../../../../microblaze-xilinx-elf/lib/m/crtinit.o: In function `_crtinit':
(.text+0x78): undefined reference to `main'
collect2.exe: error: ld returned 1 exit status
make: *** [led.elf] Erreur 1
14:33:43 **** Auto Build of configuration Debug for project led ****
make all 
'Building file: ../led_blink.c'
'Invoking: MicroBlaze gcc compiler'
mb-gcc -Wall -O0 -g3 -c -fmessage-length=0 -MT"led_blink.o" -I../../led_bsp/microblaze_0/include -mxl-pattern-compare -mcpu=v8.50.c -mno-xl-soft-mul -Wl,--no-relax -ffunction-sections -fdata-sections -MMD -MP -MF"led_blink.d" -MT"led_blink.o" -o "led_blink.o" "../led_blink.c"
../led_blink.c:13:25: warning: extra tokens at end of #include directive
 #include "xparameters.h";
                         ^
../led_blink.c:14:21: warning: extra tokens at end of #include directive
 #include "xgpio_l.h";
                     ^
../led_blink.c:14:10: fatal error: xgpio_l.h: No such file or directory
 #include "xgpio_l.h";
          ^~~~~~~~~~~
compilation terminated.
make: *** [led_blink.o] Erreur 1
14:35:35 **** Auto Build of project led_bsp ****
make -k all 
"Running Make include in microblaze_0/libsrc/bram_v4_2/src"
make -C microblaze_0/libsrc/bram_v4_2/src -s include  "SHELL=CMD" "COMPILER=mb-gcc" "ARCHIVER=mb-ar" "COMPILER_FLAGS=  -O2 -c -mcpu=v8.50.c -mno-xl-soft-mul -mxl-pattern-compare" "EXTRA_COMPILER_FLAGS=-ffunction-sections -fdata-sections -Wall -Wextra"
"Running Make include in microblaze_0/libsrc/cpu_v2_7/src"
make -C microblaze_0/libsrc/cpu_v2_7/src -s include  "SHELL=CMD" "COMPILER=mb-gcc" "ARCHIVER=mb-ar" "COMPILER_FLAGS=  -O2 -c -mcpu=v8.50.c -mno-xl-soft-mul -mxl-pattern-compare" "EXTRA_COMPILER_FLAGS=-ffunction-sections -fdata-sections -Wall -Wextra"
"Running Make include in microblaze_0/libsrc/standalone_v6_7/src"
make -C microblaze_0/libsrc/standalone_v6_7/src -s include  "SHELL=CMD" "COMPILER=mb-gcc" "ARCHIVER=mb-ar" "COMPILER_FLAGS=  -O2 -c -mcpu=v8.50.c -mno-xl-soft-mul -mxl-pattern-compare" "EXTRA_COMPILER_FLAGS=-ffunction-sections -fdata-sections -Wall -Wextra"
"Running Make libs in microblaze_0/libsrc/bram_v4_2/src"
make -C microblaze_0/libsrc/bram_v4_2/src -s libs  "SHELL=CMD" "COMPILER=mb-gcc" "ARCHIVER=mb-ar" "COMPILER_FLAGS=  -O2 -c -mcpu=v8.50.c -mno-xl-soft-mul -mxl-pattern-compare" "EXTRA_COMPILER_FLAGS=-ffunction-sections -fdata-sections -Wall -Wextra"
"Compiling bram"
mb-ar: creating ../../../lib/libxil.a
"Running Make libs in microblaze_0/libsrc/cpu_v2_7/src"
make -C microblaze_0/libsrc/cpu_v2_7/src -s libs  "SHELL=CMD" "COMPILER=mb-gcc" "ARCHIVER=mb-ar" "COMPILER_FLAGS=  -O2 -c -mcpu=v8.50.c -mno-xl-soft-mul -mxl-pattern-compare" "EXTRA_COMPILER_FLAGS=-ffunction-sections -fdata-sections -Wall -Wextra"
"Compiling cpu"
"Running Make libs in microblaze_0/libsrc/standalone_v6_7/src"
make -C microblaze_0/libsrc/standalone_v6_7/src -s libs  "SHELL=CMD" "COMPILER=mb-gcc" "ARCHIVER=mb-ar" "COMPILER_FLAGS=  -O2 -c -mcpu=v8.50.c -mno-xl-soft-mul -mxl-pattern-compare" "EXTRA_COMPILER_FLAGS=-ffunction-sections -fdata-sections -Wall -Wextra"
"Compiling standalone";
inbyte.c: In function 'inbyte':
inbyte.c:11:1: warning: control reaches end of non-void function [-Wreturn-type]
 }
 ^
microblaze_sleep.c:74:9: note: #pragma message: For the sleep routines, assembly instructions are used
 #pragma message ("For the sleep routines, assembly instructions are used")
         ^~~~~~~
outbyte.c: In function 'outbyte':
outbyte.c:11:19: warning: unused parameter 'c' [-Wunused-parameter]
 void outbyte(char c) {
                   ^
'Finished building libraries'
14:36:43 **** Auto Build of configuration Debug for project led ****
make all 
'Building file: ../led_blink.c'
'Invoking: MicroBlaze gcc compiler'
mb-gcc -Wall -O0 -g3 -c -fmessage-length=0 -MT"led_blink.o" -I../../led_bsp/microblaze_0/include -mxl-pattern-compare -mcpu=v8.50.c -mno-xl-soft-mul -Wl,--no-relax -ffunction-sections -fdata-sections -MMD -MP -MF"led_blink.d" -MT"led_blink.o" -o "led_blink.o" "../led_blink.c"
../led_blink.c:13:25: warning: extra tokens at end of #include directive
 #include "xparameters.h";
                         ^
../led_blink.c:14:21: warning: extra tokens at end of #include directive
 #include "xgpio_l.h";
                     ^
../led_blink.c:14:10: fatal error: xgpio_l.h: No such file or directory
 #include "xgpio_l.h";
          ^~~~~~~~~~~
compilation terminated.
make: *** [led_blink.o] Erreur 1
14:39:29 **** Incremental Build of configuration Debug for project led ****
make all 
'Building file: ../led_blink.c'
'Invoking: MicroBlaze gcc compiler'
mb-gcc -Wall -O0 -g3 -c -fmessage-length=0 -MT"led_blink.o" -I../../led_bsp/microblaze_0/include -mxl-pattern-compare -mcpu=v8.50.c -mno-xl-soft-mul -Wl,--no-relax -ffunction-sections -fdata-sections -MMD -MP -MF"led_blink.d" -MT"led_blink.o" -o "led_blink.o" "../led_blink.c"
../led_blink.c:13:25: warning: extra tokens at end of #include directive
 #include "xparameters.h";
                         ^
../led_blink.c:14:21: warning: extra tokens at end of #include directive
 #include "xgpio_l.h";
                     ^
../led_blink.c:14:10: fatal error: xgpio_l.h: No such file or directory
 #include "xgpio_l.h";
          ^~~~~~~~~~~
compilation terminated.
make: *** [led_blink.o] Erreur 1
14:41:22 **** Auto Build of project led_bsp ****
make -k all 
"Running Make include in microblaze_0/libsrc/bram_v4_2/src"
make -C microblaze_0/libsrc/bram_v4_2/src -s include  "SHELL=CMD" "COMPILER=mb-gcc" "ARCHIVER=mb-ar" "COMPILER_FLAGS=  -O2 -c -mcpu=v8.50.c -mno-xl-soft-mul -mxl-pattern-compare" "EXTRA_COMPILER_FLAGS=-ffunction-sections -fdata-sections -Wall -Wextra"
"Running Make include in microblaze_0/libsrc/cpu_v2_7/src"
make -C microblaze_0/libsrc/cpu_v2_7/src -s include  "SHELL=CMD" "COMPILER=mb-gcc" "ARCHIVER=mb-ar" "COMPILER_FLAGS=  -O2 -c -mcpu=v8.50.c -mno-xl-soft-mul -mxl-pattern-compare" "EXTRA_COMPILER_FLAGS=-ffunction-sections -fdata-sections -Wall -Wextra"
"Running Make include in microblaze_0/libsrc/standalone_v6_7/src"
make -C microblaze_0/libsrc/standalone_v6_7/src -s include  "SHELL=CMD" "COMPILER=mb-gcc" "ARCHIVER=mb-ar" "COMPILER_FLAGS=  -O2 -c -mcpu=v8.50.c -mno-xl-soft-mul -mxl-pattern-compare" "EXTRA_COMPILER_FLAGS=-ffunction-sections -fdata-sections -Wall -Wextra"
"Running Make libs in microblaze_0/libsrc/bram_v4_2/src"
make -C microblaze_0/libsrc/bram_v4_2/src -s libs  "SHELL=CMD" "COMPILER=mb-gcc" "ARCHIVER=mb-ar" "COMPILER_FLAGS=  -O2 -c -mcpu=v8.50.c -mno-xl-soft-mul -mxl-pattern-compare" "EXTRA_COMPILER_FLAGS=-ffunction-sections -fdata-sections -Wall -Wextra"
"Compiling bram"
"Running Make libs in microblaze_0/libsrc/cpu_v2_7/src"
make -C microblaze_0/libsrc/cpu_v2_7/src -s libs  "SHELL=CMD" "COMPILER=mb-gcc" "ARCHIVER=mb-ar" "COMPILER_FLAGS=  -O2 -c -mcpu=v8.50.c -mno-xl-soft-mul -mxl-pattern-compare" "EXTRA_COMPILER_FLAGS=-ffunction-sections -fdata-sections -Wall -Wextra"
"Compiling cpu"
"Running Make libs in microblaze_0/libsrc/standalone_v6_7/src"
make -C microblaze_0/libsrc/standalone_v6_7/src -s libs  "SHELL=CMD" "COMPILER=mb-gcc" "ARCHIVER=mb-ar" "COMPILER_FLAGS=  -O2 -c -mcpu=v8.50.c -mno-xl-soft-mul -mxl-pattern-compare" "EXTRA_COMPILER_FLAGS=-ffunction-sections -fdata-sections -Wall -Wextra"
"Compiling standalone";
inbyte.c: In function 'inbyte':
inbyte.c:11:1: warning: control reaches end of non-void function [-Wreturn-type]
 }
 ^
microblaze_sleep.c:74:9: note: #pragma message: For the sleep routines, assembly instructions are used
 #pragma message ("For the sleep routines, assembly instructions are used")
         ^~~~~~~
outbyte.c: In function 'outbyte':
outbyte.c:11:19: warning: unused parameter 'c' [-Wunused-parameter]
 void outbyte(char c) {
                   ^
'Finished building libraries'
14:42:24 **** Auto Build of configuration Debug for project led ****
make all 
'Building file: ../led_blink.c'
'Invoking: MicroBlaze gcc compiler'
mb-gcc -Wall -O0 -g3 -c -fmessage-length=0 -MT"led_blink.o" -I../../led_bsp/microblaze_0/include -mxl-pattern-compare -mcpu=v8.50.c -mno-xl-soft-mul -Wl,--no-relax -ffunction-sections -fdata-sections -MMD -MP -MF"led_blink.d" -MT"led_blink.o" -o "led_blink.o" "../led_blink.c"
../led_blink.c:13:25: warning: extra tokens at end of #include directive
 #include "xparameters.h";
                         ^
../led_blink.c:14:21: warning: extra tokens at end of #include directive
 #include "xgpio_l.h";
                     ^
../led_blink.c:14:10: fatal error: xgpio_l.h: No such file or directory
 #include "xgpio_l.h";
          ^~~~~~~~~~~
compilation terminated.
make: *** [led_blink.o] Erreur 1
