08:31:46 **** Auto Build of configuration Debug for project interr_in ****
make all 
'Building file: ../main_int.c'
'Invoking: MicroBlaze gcc compiler'
mb-gcc -Wall -O0 -g3 -c -fmessage-length=0 -I../../interr_in_bsp/microblaze_0/include -mxl-pattern-compare -mcpu=v8.50.c -mno-xl-soft-mul -Wl,--no-relax -ffunction-sections -fdata-sections -MMD -MP -MF"main_int.d" -MT"main_int.d" -o "main_int.o" "../main_int.c"
'Finished building: ../main_int.c'
' '
'Building target: interr_in.elf'
'Invoking: MicroBlaze gcc linker'
mb-gcc -Wl,-T -Wl,../src/lscript.ld -L../../interr_in_bsp/microblaze_0/lib -mxl-pattern-compare -mcpu=v8.50.c -mno-xl-soft-mul -Wl,--no-relax -Wl,--gc-sections -o "interr_in.elf"  ./main_int.o   -Wl,--start-group,-lxil,-lgcc,-lc,--end-group
'Finished building target: interr_in.elf'
' '
'Invoking: MicroBlaze Print Size'
mb-size interr_in.elf  |tee "interr_in.elf.size"
   text	   data	    bss	    dec	    hex	filename
   5752	    344	   2272	   8368	   20b0	interr_in.elf
'Finished building: interr_in.elf.size'
' '
'Invoking: Xilinx ELF Check'
elfcheck interr_in.elf -hw ../../tp_SOC_hw_platform/system.xml -pe microblaze_0  |tee "interr_in.elf.elfcheck"
elfcheck
Xilinx EDK 14.7 Build EDK_P.20131013
Copyright (c) 1995-2012 Xilinx, Inc.  All rights reserved.

Command Line: elfcheck -hw ../../tp_SOC_hw_platform/system.xml -pe microblaze_0
interr_in.elf 

ELF file	: interr_in.elf
elfcheck passed.
'Finished building: interr_in.elf.elfcheck'
' '

08:32:01 Build Finished (took 15s.357ms)

